[pagomiscuentas.com/index.html]
[pagomiscuentas.com/sites/all/themes/omega/omega/apple-touch-icon-precomposed-114x114.png]
[pagomiscuentas.com/sites/all/themes/omega/omega/apple-touch-icon-precomposed.png]
[pagomiscuentas.com/sites/all/themes/omega/omega/apple-touch-icon-precomposed-72x72.png]
[pagomiscuentas.com/sites/all/themes/omega/omega/apple-touch-icon-precomposed-144x144.png]
[pagomiscuentas.com/sites/all/themes/pmcbotondepagopublico_theme/favicon.ico]
[backblue.gif]
[fade.gif]
[index.html]
[pagomiscuentas.com/sites/pagomiscuentas.com/files/ico-pagomiscuentas.png]
[pagomiscuentas.com/sites/pagomiscuentas.com/files/css/css_RN2ZdZZi8gHeW4RtJDgmx3nRFr8grqMafJQ5pBL8Ksw.css]
[pagomiscuentas.com/sites/pagomiscuentas.com/files/css/css_-QhTcndILuxetxBt0TWXRFq3XZhH9E4muBUFRbRg6lg.css]
[pagomiscuentas.com/sites/pagomiscuentas.com/files/css/css_TMOlRB2AgoHOempwBPQSTKK-BUbo7GlSFFyXfX8oHvI.css]
[pagomiscuentas.com/sites/pagomiscuentas.com/files/css/css_eBbQi-howkqd-ccIQVRJDGqZmAsqEv6_rmog00mWNCA.css]
[pagomiscuentas.com/sites/pagomiscuentas.com/files/css/css_hVdA6WkZHXbii8mygodppwc0O9gzTt5buwdHO2uefDo.css]
[pagomiscuentas.com/sites/all/themes/pmcbotondepagopublico_theme/logo.png]
[pagomiscuentas.com/como-ingreso.html]
[pagomiscuentas.com/como-me-registro.html]
[pagomiscuentas.com/como-pago.html]
[pagomiscuentas.com/que-puedo-pagar.html]
[pagomiscuentas.com/sites/pagomiscuentas.com/files/styles/slider/public/pagos-online-pagomiscuentas_0872c.jpg]
[pagomiscuentas.com/sites/pagomiscuentas.com/files/styles/slider_mobile/public/pagos-online-pagomiscuentas-m_0717d.jpg]
[pagomiscuentas.com/sites/pagomiscuentas.com/files/styles/slider/public/unicef_banner_webdc5d.jpg]
[pagomiscuentas.com/sites/pagomiscuentas.com/files/styles/slider_mobile/public/unicef_banner_2_3fdb7.jpg]
[pagomiscuentas.com/sites/pagomiscuentas.com/files/registrate-en-pagomiscuentas.jpg]
[pagomiscuentas.com/sites/pagomiscuentas.com/files/paga-con-tarjeta.png]
[pagomiscuentas.com/sites/pagomiscuentas.com/files/ico-archivos-bajar-naranja_0.png]
[pagomiscuentas.com/sites/pagomiscuentas.com/files/ico-alerta-naranja.png]
[pagomiscuentas.com/sites/pagomiscuentas.com/files/ico-archivos-tarjetas.png]
[pagomiscuentas.com/sites/pagomiscuentas.com/files/luz-servicios.png]
[pagomiscuentas.com/sites/pagomiscuentas.com/files/colegios-servicios.png]
[pagomiscuentas.com/sites/pagomiscuentas.com/files/agua.png]
[pagomiscuentas.com/sites/pagomiscuentas.com/files/icon-sube.png]
[pagomiscuentas.com/sites/pagomiscuentas.com/files/gas-servicios.png]
[pagomiscuentas.com/sites/pagomiscuentas.com/files/patente-servicios.png]
[pagomiscuentas.com/sites/pagomiscuentas.com/files/telefonia-servicios.png]
[pagomiscuentas.com/sites/pagomiscuentas.com/files/prepagas-servicios.png]
[pagomiscuentas.com/sites/pagomiscuentas.com/files/paga-con-pagomiscuentas.jpg]
[pagomiscuentas.com/seguridad.html]
[pagomiscuentas.com/contacto.html]
[pagomiscuentas.com/preguntas-frecuentes.html]
[pagomiscuentas.com/proteccion-de-datos-personales.html]
[pagomiscuentas.com/politica-de-privacidad.html]
[pagomiscuentas.com/terminos-y-condiciones.html]
[pagomiscuentas.com/sites/pagomiscuentas.com/files/ico-facebook_1.png]
[pagomiscuentas.com/sites/pagomiscuentas.com/files/js/js_HU3O34Uz7w6t9qYpjR1nhXS0scnRWS6Qxo_0pLvyshA.js]
[pagomiscuentas.com/sites/pagomiscuentas.com/files/js/js_K-AYFej_QF3xaRnWojaY73euIS2XCoMgwHgRucT6zBg.js]
[pagomiscuentas.com/sites/pagomiscuentas.com/files/js/js_gmFl5Ch-Vh69l04iVicVASgPyzgZzJPDWC166tWF79M.js]
[pagomiscuentas.com/sites/pagomiscuentas.com/files/js/js_uOuGwfICRzoV947-UovF8bVUnZ3nX4WpwpXJtaWPXD4.js]
[pagomiscuentas.com/sites/pagomiscuentas.com/files/js/js_5dXe3g3tQRbfmiXa9z_E5HtPO1jkUdmepD7l0GFMxiU.js]
[pagomiscuentas.com/sites/pagomiscuentas.com/files/js/js_gPr-gBE1yJBgEm04SQRKxeSjPo3b-hb43sZe2Agns-I.js]
[pagomiscuentas.com/sites/pagomiscuentas.com/files/js/js_dokpMdKUXSVQ8N-A5-DOnjC8dt7XXwxDtgnVkBeBlBQ.js]
[pagomiscuentas.com/index.html]
[pagomiscuentas.com/sites/all/themes/omega/omega/images/misc/throbberf002.gif]
[pagomiscuentas.com/sites/all/themes/omega/omega/images/misc/grippief002.png]
[pagomiscuentas.com/sites/all/themes/omega/omega/images/misc/draggablef002.png]
[pagomiscuentas.com/sites/all/themes/omega/omega/images/misc/treef002.png]
[pagomiscuentas.com/sites/all/themes/omega/omega/images/misc/tree-bottomf002.png]
[pagomiscuentas.com/sites/all/themes/omega/omega/images/misc/menu-expandedf002.png]
[pagomiscuentas.com/sites/all/themes/omega/omega/images/misc/menu-collapsedf002.png]
[pagomiscuentas.com/sites/all/themes/omega/omega/images/misc/menu-leaff002.png]
[pagomiscuentas.com/sites/all/themes/omega/omega/images/misc/message-24-okf002.png]
[pagomiscuentas.com/sites/all/themes/omega/omega/images/misc/message-24-warningf002.png]
[pagomiscuentas.com/sites/all/themes/omega/omega/images/misc/message-24-errorf002.png]
[pagomiscuentas.com/sites/all/themes/omega/omega/images/misc/progressf002.gif]
[pagomiscuentas.com/sites/all/modules/contrib/panopoly_magic/images/status-active.gif]
[pagomiscuentas.com/sites/all/modules/contrib/panopoly_magic/images/close-popup.png]
[pagomiscuentas.com/sites/pagomiscuentas.com/files/css/css_RN2ZdZZi8gHeW4RtJDgmx3nRFr8grqMafJQ5pBL8Ksw.css]
[pagomiscuentas.com/sites/all/modules/contrib/ctools/images/status-active.gif]
[pagomiscuentas.com/sites/all/modules/features/feature_prisma_widgets/images/descargar_icon.png]
[pagomiscuentas.com/sites/all/modules/features/feature_prisma_widgets/images/simple-carousel-arrows.png]
[pagomiscuentas.com/sites/all/modules/features/feature_prisma_widgets/images/random_icon.png]
[pagomiscuentas.com/sites/all/modules/features/feature_prisma_widgets/images/excel_icon.png]
[pagomiscuentas.com/sites/all/modules/features/feature_prisma_widgets/images/word_icon.png]
[pagomiscuentas.com/sites/all/modules/features/feature_prisma_widgets/images/pdf_icon.png]
[pagomiscuentas.com/sites/all/modules/features/feature_prisma_widgets/images/txt_icon.png]
[pagomiscuentas.com/sites/all/modules/features/feature_prisma_widgets/images/img_icon.png]
[pagomiscuentas.com/sites/all/libraries/videojs/dist/font/VideoJSd41d.eot]
[pagomiscuentas.com/sites/all/modules/features/feature_widgets/widgets/menu/menu-mobile-sidebar/nav-icon.png]
[pagomiscuentas.com/sites/all/modules/features/feature_widgets/images/slider-bullet.png]
[pagomiscuentas.com/sites/all/modules/features/feature_widgets/images/arrows-slider.png]
[pagomiscuentas.com/sites/all/modules/features/feature_widgets/images/play-slider.png]
[pagomiscuentas.com/sites/all/modules/features/feature_widgets/images/social-widget-medium.png]
[pagomiscuentas.com/sites/all/modules/features/feature_widgets/images/facebook-timeline.jpg]
[pagomiscuentas.com/sites/all/modules/features/feature_widgets/images/twitter-timeline.jpg]
[pagomiscuentas.com/sites/pagomiscuentas.com/files/css/css_-QhTcndILuxetxBt0TWXRFq3XZhH9E4muBUFRbRg6lg.css]
[pagomiscuentas.com/sites/pagomiscuentas.com/files/css/css_TMOlRB2AgoHOempwBPQSTKK-BUbo7GlSFFyXfX8oHvI.css]
[pagomiscuentas.com/sites/pagomiscuentas.com/files/css/css_eBbQi-howkqd-ccIQVRJDGqZmAsqEv6_rmog00mWNCA.css]
[pagomiscuentas.com/sites/pagomiscuentas.com/files/css/css_hVdA6WkZHXbii8mygodppwc0O9gzTt5buwdHO2uefDo.css]
[www.googletagmanager.com/gtm5445.html]
[pagomiscuentas.com/sites/pagomiscuentas.com/files/styles/slider/public/dest-ingreso6fd3.jpg]
[pagomiscuentas.com/sites/pagomiscuentas.com/files/styles/slider_mobile/public/dest-ingreso2a19.jpg]
[pagomiscuentas.com/sites/pagomiscuentas.com/files/usuario-nuevo.png]
[pagomiscuentas.com/como-ingreso.html]
[pagomiscuentas.com/sites/pagomiscuentas.com/files/styles/slider/public/dest-registro0f40.jpg]
[pagomiscuentas.com/sites/pagomiscuentas.com/files/styles/slider_mobile/public/mobile_0c859.jpg]
[pagomiscuentas.com/como-me-registro.html]
[pagomiscuentas.com/sites/pagomiscuentas.com/files/styles/slider/public/dest-comopago13b75.jpg]
[pagomiscuentas.com/sites/pagomiscuentas.com/files/styles/slider_mobile/public/dest-comopago1861e.jpg]
[pagomiscuentas.com/sites/pagomiscuentas.com/files/styles/slider/public/paga-sin-registro-pagomiscuentas27b9.png]
[pagomiscuentas.com/sites/pagomiscuentas.com/files/styles/slider_mobile/public/paga-sin-registro-pagomiscuentas-mobile6ee7.png]
[pagomiscuentas.com/sites/pagomiscuentas.com/files/icon-debito.png]
[pagomiscuentas.com/sites/pagomiscuentas.com/files/icon-credito.png]
[pagomiscuentas.com/sites/pagomiscuentas.com/files/visa-debito_0.png]
[pagomiscuentas.com/sites/pagomiscuentas.com/files/visa-credito_0.png]
[pagomiscuentas.com/sites/pagomiscuentas.com/files/marcacaptura_mastercard.png]
[pagomiscuentas.com/sites/pagomiscuentas.com/files/american-express.png]
[pagomiscuentas.com/sites/pagomiscuentas.com/files/styles/custom_content_large/public/pmc00dc.png]
[pagomiscuentas.com/sites/pagomiscuentas.com/files/styles/custom_content_large/public/raton076d.png]
[pagomiscuentas.com/como-pago.html]
[pagomiscuentas.com/sites/pagomiscuentas.com/files/styles/slider/public/dest-pago_0e22d.jpg]
[pagomiscuentas.com/sites/pagomiscuentas.com/files/styles/slider_mobile/public/dest-pago_mobile_089ef.jpg]
[pagomiscuentas.com/sites/pagomiscuentas.com/files/styles/slider/public/dest-fund-leer_1bec4.jpg]
[pagomiscuentas.com/sites/pagomiscuentas.com/files/styles/slider_mobile/public/mobile_leer_12307.jpg]
[pagomiscuentas.com/sites/pagomiscuentas.com/files/styles/slider/public/dest-q_pago4ccf.jpg]
[pagomiscuentas.com/sites/pagomiscuentas.com/files/styles/slider_mobile/public/dest-q_pagoa2c1.jpg]
[pagomiscuentas.com/sites/pagomiscuentas.com/files/aysa_1.png]
[pagomiscuentas.com/sites/pagomiscuentas.com/files/edesur.png]
[pagomiscuentas.com/sites/pagomiscuentas.com/files/personal_0.png]
[pagomiscuentas.com/sites/pagomiscuentas.com/files/edenor_0.png]
[pagomiscuentas.com/sites/pagomiscuentas.com/files/metro-gas.png]
[pagomiscuentas.com/sites/pagomiscuentas.com/files/osde_0.png]
[pagomiscuentas.com/sites/pagomiscuentas.com/files/claro.png]
[pagomiscuentas.com/sites/pagomiscuentas.com/files/movistar.png]
[pagomiscuentas.com/sites/pagomiscuentas.com/files/muuni-lopez.png]
[pagomiscuentas.com/sites/pagomiscuentas.com/files/muni-quilmes.png]
[pagomiscuentas.com/que-puedo-pagar.html]
[pagomiscuentas.com/sites/pagomiscuentas.com/files/styles/slider/public/dest-seguridad_07f19.jpg]
[pagomiscuentas.com/sites/pagomiscuentas.com/files/styles/slider_mobile/public/dest-seguridad_05880.jpg]
[pagomiscuentas.com/sites/pagomiscuentas.com/files/styles/custom_content_large/public/icono-proteccion_11f39.png]
[pagomiscuentas.com/sites/pagomiscuentas.com/files/styles/custom_content_large/public/icono-informe_1ebdd.png]
[pagomiscuentas.com/sites/pagomiscuentas.com/files/styles/custom_content_large/public/icono-24hs_116cb.png]
[pagomiscuentas.com/sites/pagomiscuentas.com/files/icon-compu.png]
[pagomiscuentas.com/sites/pagomiscuentas.com/files/icon-key.png]
[pagomiscuentas.com/sites/pagomiscuentas.com/files/icon-mail.png]
[pagomiscuentas.com/sites/pagomiscuentas.com/files/icon-vista.png]
[pagomiscuentas.com/sites/pagomiscuentas.com/files/mobile2_1.png]
[pagomiscuentas.com/sites/pagomiscuentas.com/files/compu_0.jpg]
[pagomiscuentas.com/sites/pagomiscuentas.com/files/js/js_twkyjN2H35C88vzCS8uYbe489CDMHPHaB0upeEphTpU.js]
[pagomiscuentas.com/seguridad.html]
[pagomiscuentas.com/sites/pagomiscuentas.com/files/styles/slider/public/contacto-desktop5d1d.jpg]
[pagomiscuentas.com/sites/pagomiscuentas.com/files/styles/slider_mobile/public/contacto-mobile6e0e.jpg]
[pagomiscuentas.com/sites/pagomiscuentas.com/files/atencion-telefonica.jpg]
[pagomiscuentas.com/sites/pagomiscuentas.com/files/respuestas-por-mail.jpg]
[pagomiscuentas.com/sites/pagomiscuentas.com/files/seccion-ayuda.jpg]
[pagomiscuentas.com/contacto.html]
[pagomiscuentas.com/sites/pagomiscuentas.com/files/css/css_ikK6MD8MXJCecPOBCmAR4LDmGh49xkxfJoRT71gEwzg.css]
[pagomiscuentas.com/problemas-al-acceder.html]
[pagomiscuentas.com/sites/pagomiscuentas.com/files/pf-icono_problemas-ingresar_copia.png]
[pagomiscuentas.com/dudas-con-mis-pagos.html]
[pagomiscuentas.com/sites/pagomiscuentas.com/files/pf-icono_pago.png]
[pagomiscuentas.com/registro.html]
[pagomiscuentas.com/sites/pagomiscuentas.com/files/pf-icono_registro.png]
[pagomiscuentas.com/sites/pagomiscuentas.com/files/js/js_fWJh__iNuSEKqPOHN_8ppgpT7U05boyXw9UoZhLZ004.js]
[pagomiscuentas.com/preguntas-frecuentes.html]
[pagomiscuentas.com/proteccion-de-datos-personales.html]
[pagomiscuentas.com/politica-de-privacidad.html]
[pagomiscuentas.com/terminos-y-condiciones.html]
[pagomiscuentas.com/sites/pagomiscuentas.com/files/css/css_ikK6MD8MXJCecPOBCmAR4LDmGh49xkxfJoRT71gEwzg.css]
[pagomiscuentas.com/sites/pagomiscuentas.com/files/css/css_KxYHPe2VTA0PmbyAXj0gT30mZE4NsIMQbjqNxYzkTCM.css]
[pagomiscuentas.com/sites/pagomiscuentas.com/files/iconos_pago-05_0.png]
[pagomiscuentas.com/sites/pagomiscuentas.com/files/iconos_registro_.png]
[pagomiscuentas.com/sites/pagomiscuentas.com/files/js/js_sMk-P40QT31UC1wsKI2A0uRp8t_T0dKpPk9a81dVf4I.js]
[pagomiscuentas.com/problemas-al-acceder.html]
[pagomiscuentas.com/sites/pagomiscuentas.com/files/iconos_problemas-ingresar_2.png]
[pagomiscuentas.com/dudas-con-mis-pagos.html]
[pagomiscuentas.com/sites/pagomiscuentas.com/files/iconos_problemas-ingresar.png]
[pagomiscuentas.com/sites/pagomiscuentas.com/files/iconos_pago-05.png]
[pagomiscuentas.com/registro.html]
[pagomiscuentas.com/sites/all/modules/contrib/jquery_update/replace/ui/themes/base/minified/images/ui-bg_flat_75_ffffff_40x100.png]
[pagomiscuentas.com/sites/all/modules/contrib/jquery_update/replace/ui/themes/base/minified/images/ui-bg_highlight-soft_75_cccccc_1x100.png]
[pagomiscuentas.com/sites/all/modules/contrib/jquery_update/replace/ui/themes/base/minified/images/ui-bg_glass_75_e6e6e6_1x400.png]
[pagomiscuentas.com/sites/all/modules/contrib/jquery_update/replace/ui/themes/base/minified/images/ui-bg_glass_75_dadada_1x400.png]
[pagomiscuentas.com/sites/all/modules/contrib/jquery_update/replace/ui/themes/base/minified/images/ui-bg_glass_65_ffffff_1x400.png]
[pagomiscuentas.com/sites/all/modules/contrib/jquery_update/replace/ui/themes/base/minified/images/ui-bg_glass_55_fbf9ee_1x400.png]
[pagomiscuentas.com/sites/all/modules/contrib/jquery_update/replace/ui/themes/base/minified/images/ui-bg_glass_95_fef1ec_1x400.png]
[pagomiscuentas.com/sites/all/modules/contrib/jquery_update/replace/ui/themes/base/minified/images/ui-icons_222222_256x240.png]
[pagomiscuentas.com/sites/all/modules/contrib/jquery_update/replace/ui/themes/base/minified/images/ui-icons_888888_256x240.png]
[pagomiscuentas.com/sites/all/modules/contrib/jquery_update/replace/ui/themes/base/minified/images/ui-icons_454545_256x240.png]
[pagomiscuentas.com/sites/all/modules/contrib/jquery_update/replace/ui/themes/base/minified/images/ui-icons_2e83ff_256x240.png]
[pagomiscuentas.com/sites/all/modules/contrib/jquery_update/replace/ui/themes/base/minified/images/ui-icons_cd0a0a_256x240.png]
[pagomiscuentas.com/sites/all/modules/contrib/jquery_update/replace/ui/themes/base/minified/images/ui-bg_flat_0_aaaaaa_40x100.png]
[pagomiscuentas.com/sites/pagomiscuentas.com/files/css/css_KxYHPe2VTA0PmbyAXj0gT30mZE4NsIMQbjqNxYzkTCM.css]
